{
  "name": "grunt-yoast-tasks",
  "description": "the plugin that contains all custom yoast tasks",
  "version": "0.1.0",
  "homepage": "https://github.com/gruntjs/grunt-init-gruntplugin",
  "repository": {
    "type": "git",
    "url": "git://github.com/gruntjs/grunt-init-gruntplugin.git"
  },
  "bugs": {
    "url": "https://github.com/gruntjs/grunt-init-gruntplugin/issues"
  },
  "licenses": [
    {
      "type": "MIT",
      "url": "https://github.com/gruntjs/grunt-init-gruntplugin/blob/master/LICENSE-MIT"
    }
  ],
  "engines": {
    "node": ">= 0.8.0"
  },
  "someOrganisation": {
    "pluginVersion": "1.1"
  },
  "devDependencies": {
    "grunt-contrib-jshint": "^0.9.2",
    "grunt-contrib-clean": "^0.5.0",
    "grunt-contrib-nodeunit": "^0.3.3",
    "grunt": "~0.4.5"
  },
  "keywords": [
    "gruntplugin"
  ]
}
